<rss version="2.0">
  <channel>
    <title>FeedTitle</title>
    <link>FeedLink</link>
    <description>FeedDescription</description>
    <item>
      <title>TestTitle</title>
      <link>TestLink</link>
      <pubDate>Fri, 04 Apr 2003 10:41:37 GMT</pubDate>
      <category>TestSubject</category>
      <description><![CDATA[TestDescription]]></description>
    </item>
  </channel>
</rss>